/home/francesco/Documenti/Projects/c_cpp/cnumerics/bin/3pcircle: run.argv[0] = /home/francesco/Documenti/Projects/c_cpp/cnumerics/bin/3pcircle
/home/francesco/Documenti/Projects/c_cpp/cnumerics/bin/3pcircle: run.argv[1] = (null)
**********************************
/home/francesco/Documenti/Projects/c_cpp/cnumerics/bin/3pcircle: please, enter first point  P1: x1 y1 separated by space:
/home/francesco/Documenti/Projects/c_cpp/cnumerics/bin/3pcircle: you entered P1(4,0)
/home/francesco/Documenti/Projects/c_cpp/cnumerics/bin/3pcircle: please, enter second point P2: x2 y2 separated by space:
/home/francesco/Documenti/Projects/c_cpp/cnumerics/bin/3pcircle: you entered P2(2,2)
/home/francesco/Documenti/Projects/c_cpp/cnumerics/bin/3pcircle: please, enter third point  P3: x3 y3 separated by space:
/home/francesco/Documenti/Projects/c_cpp/cnumerics/bin/3pcircle: you entered P3(0,0)
**********************************
**********************************
/home/francesco/Documenti/Projects/c_cpp/cnumerics/bin/3pcircle: 16+0+a*4+b*0+c = 0
/home/francesco/Documenti/Projects/c_cpp/cnumerics/bin/3pcircle: 4+4+a*2+b*2+c = 0
/home/francesco/Documenti/Projects/c_cpp/cnumerics/bin/3pcircle: 0+0+a*0+b*0+c = 0
**********************************
**********************************
/home/francesco/Documenti/Projects/c_cpp/cnumerics/bin/3pcircle: ( 4  0  1 ) (a) = (-16)
/home/francesco/Documenti/Projects/c_cpp/cnumerics/bin/3pcircle: ( 2  2  1 ) (b) = (-8)
/home/francesco/Documenti/Projects/c_cpp/cnumerics/bin/3pcircle: ( 0  0  1 ) (c) = (-0)
**********************************
/home/francesco/Documenti/Projects/c_cpp/cnumerics/bin/3pcircle:set_circle_arrays() showing content of 3x3 array a33 
**********************************
/home/francesco/Documenti/Projects/c_cpp/cnumerics/bin/3pcircle ( 4  0  1 )
/home/francesco/Documenti/Projects/c_cpp/cnumerics/bin/3pcircle ( 2  2  1 )
/home/francesco/Documenti/Projects/c_cpp/cnumerics/bin/3pcircle ( 0  0  1 )
**********************************
/home/francesco/Documenti/Projects/c_cpp/cnumerics/bin/3pcircle:set_circle_arrays() det(a33) is 8
**********************************
/home/francesco/Documenti/Projects/c_cpp/cnumerics/bin/3pcircle:set_circle_arrays() det(circ->a33s1) is -32
**********************************
/home/francesco/Documenti/Projects/c_cpp/cnumerics/bin/3pcircle:set_circle_arrays() det(circ->a33s2) is 0
**********************************
/home/francesco/Documenti/Projects/c_cpp/cnumerics/bin/3pcircle:set_circle_arrays() det(circ->a33s3) is 0
**********************************
/home/francesco/Documenti/Projects/c_cpp/cnumerics/bin/3pcircle:set_circle_arrays() the value of a is -4
/home/francesco/Documenti/Projects/c_cpp/cnumerics/bin/3pcircle:set_circle_arrays() the value of b is 0
/home/francesco/Documenti/Projects/c_cpp/cnumerics/bin/3pcircle:set_circle_arrays() the value of c is 0
/home/francesco/Documenti/Projects/c_cpp/cnumerics/bin/3pcircle:set_circle_arrays() the centre is (2,-0)
/home/francesco/Documenti/Projects/c_cpp/cnumerics/bin/3pcircle:set_circle_arrays() the radius r is 2
**********************************
